================================================================================
SECURITY AUDIT — _fetchText.js
File: /Users/pablodcordero/code/my-stuff/rose-core/api/_fetchText.js
Time: 2026-06-26T23:48:59Z
================================================================================

PASSED
------
✓ No hardcoded secrets or credentials
✓ No API key patterns in source
✓ No SQL injection patterns detected
✓ No eval() or new Function() usage
✓ No error detail leaks in responses
✓ No unsafe innerHTML assignments
✓ No obvious unvalidated input patterns

Result: 0 CRITICAL, 0 WARNING
================================================================================
================================================================================
SECURITY AUDIT — chat.js
File: /Users/pablodcordero/code/my-stuff/rose-core/api/chat.js
Time: 2026-06-26T23:52:04Z
================================================================================

PASSED
------
✓ No hardcoded secrets or credentials
✓ No API key patterns in source
✓ No SQL injection patterns detected
✓ No eval() or new Function() usage
✓ No error detail leaks in responses
✓ No unsafe innerHTML assignments
✓ No obvious unvalidated input patterns

Result: 0 CRITICAL, 0 WARNING
================================================================================
================================================================================
SECURITY AUDIT — ical.js
File: /Users/pablodcordero/code/my-stuff/rose-core/api/ical.js
Time: 2026-06-26T23:52:50Z
================================================================================

PASSED
------
✓ No hardcoded secrets or credentials
✓ No API key patterns in source
✓ No SQL injection patterns detected
✓ No eval() or new Function() usage
✓ No error detail leaks in responses
✓ No unsafe innerHTML assignments
✓ No obvious unvalidated input patterns

Result: 0 CRITICAL, 0 WARNING
================================================================================
================================================================================
SECURITY AUDIT — ical.js
File: /Users/pablodcordero/code/my-stuff/rose-core/api/ical.js
Time: 2026-06-26T23:52:58Z
================================================================================

PASSED
------
✓ No hardcoded secrets or credentials
✓ No API key patterns in source
✓ No SQL injection patterns detected
✓ No eval() or new Function() usage
✓ No error detail leaks in responses
✓ No unsafe innerHTML assignments
✓ No obvious unvalidated input patterns

Result: 0 CRITICAL, 0 WARNING
================================================================================
================================================================================
SECURITY AUDIT — getBlockedDates.js
File: /Users/pablodcordero/code/my-stuff/rose-core/server/lib/getBlockedDates.js
Time: 2026-06-26T23:53:10Z
================================================================================

PASSED
------
✓ No hardcoded secrets or credentials
✓ No API key patterns in source
✓ No SQL injection patterns detected
✓ No eval() or new Function() usage
✓ No error detail leaks in responses
✓ No unsafe innerHTML assignments
✓ No obvious unvalidated input patterns

Result: 0 CRITICAL, 0 WARNING
================================================================================
================================================================================
SECURITY AUDIT — chatHistory.js
File: /Users/pablodcordero/code/my-stuff/rose-core/server/lib/chatHistory.js
Time: 2026-06-26T23:53:46Z
================================================================================

PASSED
------
✓ No hardcoded secrets or credentials
✓ No API key patterns in source
✓ No SQL injection patterns detected
✓ No eval() or new Function() usage
✓ No error detail leaks in responses
✓ No unsafe innerHTML assignments
✓ No obvious unvalidated input patterns

Result: 0 CRITICAL, 0 WARNING
================================================================================
================================================================================
SECURITY AUDIT — ChatWidget.jsx
File: /Users/pablodcordero/code/my-stuff/rose-core/client/src/components/ChatWidget/ChatWidget.jsx
Time: 2026-06-26T23:55:11Z
================================================================================

PASSED
------
✓ No hardcoded secrets or credentials
✓ No API key patterns in source
✓ No SQL injection patterns detected
✓ No unsafe process.env in client code
✓ No eval() or new Function() usage
✓ No error detail leaks in responses
✓ No unsafe innerHTML assignments
✓ No obvious unvalidated input patterns

Result: 0 CRITICAL, 0 WARNING
================================================================================
================================================================================
SECURITY AUDIT — _fetchText.js
File: api/_fetchText.js
Time: 2026-06-27T00:01:34Z
================================================================================

PASSED
------
✓ No hardcoded secrets or credentials
✓ No API key patterns in source
✓ No SQL injection patterns detected
✓ No eval() or new Function() usage
✓ No error detail leaks in responses
✓ No unsafe innerHTML assignments
✓ No obvious unvalidated input patterns

Result: 0 CRITICAL, 0 WARNING
================================================================================
================================================================================
SECURITY AUDIT — chat.js
File: api/chat.js
Time: 2026-06-27T00:01:34Z
================================================================================

PASSED
------
✓ No hardcoded secrets or credentials
✓ No API key patterns in source
✓ No SQL injection patterns detected
✓ No eval() or new Function() usage
✓ No error detail leaks in responses
✓ No unsafe innerHTML assignments
✓ No obvious unvalidated input patterns

Result: 0 CRITICAL, 0 WARNING
================================================================================
================================================================================
SECURITY AUDIT — ical.js
File: api/ical.js
Time: 2026-06-27T00:01:34Z
================================================================================

PASSED
------
✓ No hardcoded secrets or credentials
✓ No API key patterns in source
✓ No SQL injection patterns detected
✓ No eval() or new Function() usage
✓ No error detail leaks in responses
✓ No unsafe innerHTML assignments
✓ No obvious unvalidated input patterns

Result: 0 CRITICAL, 0 WARNING
================================================================================
================================================================================
SECURITY AUDIT — ChatWidget.jsx
File: client/src/components/ChatWidget/ChatWidget.jsx
Time: 2026-06-27T00:01:34Z
================================================================================

PASSED
------
✓ No hardcoded secrets or credentials
✓ No API key patterns in source
✓ No SQL injection patterns detected
✓ No unsafe process.env in client code
✓ No eval() or new Function() usage
✓ No error detail leaks in responses
✓ No unsafe innerHTML assignments
✓ No obvious unvalidated input patterns

Result: 0 CRITICAL, 0 WARNING
================================================================================
================================================================================
SECURITY AUDIT — chatHistory.js
File: server/lib/chatHistory.js
Time: 2026-06-27T00:01:34Z
================================================================================

PASSED
------
✓ No hardcoded secrets or credentials
✓ No API key patterns in source
✓ No SQL injection patterns detected
✓ No eval() or new Function() usage
✓ No error detail leaks in responses
✓ No unsafe innerHTML assignments
✓ No obvious unvalidated input patterns

Result: 0 CRITICAL, 0 WARNING
================================================================================
================================================================================
SECURITY AUDIT — getBlockedDates.js
File: server/lib/getBlockedDates.js
Time: 2026-06-27T00:01:34Z
================================================================================

PASSED
------
✓ No hardcoded secrets or credentials
✓ No API key patterns in source
✓ No SQL injection patterns detected
✓ No eval() or new Function() usage
✓ No error detail leaks in responses
✓ No unsafe innerHTML assignments
✓ No obvious unvalidated input patterns

Result: 0 CRITICAL, 0 WARNING
================================================================================
